=== Parameter Golf Deploy (FA3 pre-built wheel) ===
Mon Mar 30 04:53:54 UTC 2026
GPU 0: NVIDIA H100 80GB HBM3 (UUID: GPU-8a0e7ecb-c286-1921-7c70-0a6dad02777f)
GPU 1: NVIDIA H100 80GB HBM3 (UUID: GPU-5c7d374a-5010-a698-f3cb-ab1e577acd56)
GPU 2: NVIDIA H100 80GB HBM3 (UUID: GPU-6d73a2f1-6f98-32fc-1796-a86188ce8d16)
GPU 3: NVIDIA H100 80GB HBM3 (UUID: GPU-fae74cb2-fb03-ddfc-33ab-d3c0a67f1e1e)
GPU 4: NVIDIA H100 80GB HBM3 (UUID: GPU-1623c7ea-3162-5f50-a506-a61271bc3b90)
GPU 5: NVIDIA H100 80GB HBM3 (UUID: GPU-9310bc7a-34ec-e109-5a0b-b88dd9491ba0)
GPU 6: NVIDIA H100 80GB HBM3 (UUID: GPU-2cdadfc9-af4e-2f94-2108-4be68dfdebcd)
GPU 7: NVIDIA H100 80GB HBM3 (UUID: GPU-81a41818-abc4-8fe5-d879-6548a6266b37)
GPUs: 8

=== Installing PyTorch 2.9+cu128 + FA3 ===
Installing collected packages: nvidia-cusparselt-cu12, mpmath, typing-extensions, triton, sympy, setuptools, nvidia-nvtx-cu12, nvidia-nvshmem-cu12, nvidia-nvjitlink-cu12, nvidia-nccl-cu12, nvidia-curand-cu12, nvidia-cufile-cu12, nvidia-cuda-runtime-cu12, nvidia-cuda-nvrtc-cu12, nvidia-cuda-cupti-cu12, nvidia-cublas-cu12, networkx, MarkupSafe, fsspec, filelock, nvidia-cusparse-cu12, nvidia-cufft-cu12, nvidia-cudnn-cu12, jinja2, nvidia-cusolver-cu12, torch
Successfully installed MarkupSafe-3.0.3 filelock-3.25.2 fsspec-2026.2.0 jinja2-3.1.6 mpmath-1.3.0 networkx-3.6.1 nvidia-cublas-cu12-12.8.4.1 nvidia-cuda-cupti-cu12-12.8.90 nvidia-cuda-nvrtc-cu12-12.8.93 nvidia-cuda-runtime-cu12-12.8.90 nvidia-cudnn-cu12-9.10.2.21 nvidia-cufft-cu12-11.3.3.83 nvidia-cufile-cu12-1.13.1.3 nvidia-curand-cu12-10.3.9.90 nvidia-cusolver-cu12-11.7.3.90 nvidia-cusparse-cu12-12.5.8.93 nvidia-cusparselt-cu12-0.7.1 nvidia-nccl-cu12-2.27.5 nvidia-nvjitlink-cu12-12.8.93 nvidia-nvshmem-cu12-3.3.20 nvidia-nvtx-cu12-12.8.90 setuptools-70.2.0 sympy-1.14.0 torch-2.9.1+cu128 triton-3.5.1 typing-extensions-4.15.0
Installing collected packages: xxhash, urllib3, tqdm, six, shellingham, sentencepiece, pyyaml, pygments, pyarrow, propcache, packaging, numpy, ninja, multidict, mdurl, idna, hf-xet, h11, frozenlist, dill, click, charset_normalizer, certifi, attrs, annotated-doc, aiohappyeyeballs, yarl, wheel, requests, python-dateutil, multiprocess, markdown-it-py, httpcore, anyio, aiosignal, rich, pandas, httpx, aiohttp, typer, huggingface-hub, datasets
Successfully installed aiohappyeyeballs-2.6.1 aiohttp-3.13.4 aiosignal-1.4.0 annotated-doc-0.0.4 anyio-4.13.0 attrs-26.1.0 certifi-2026.2.25 charset_normalizer-3.4.6 click-8.3.1 datasets-4.8.4 dill-0.4.1 frozenlist-1.8.0 h11-0.16.0 hf-xet-1.4.2 httpcore-1.0.9 httpx-0.28.1 huggingface-hub-1.8.0 idna-3.11 markdown-it-py-4.0.0 mdurl-0.1.2 multidict-6.7.1 multiprocess-0.70.19 ninja-1.13.0 numpy-2.4.4 packaging-26.0 pandas-3.0.1 propcache-0.4.1 pyarrow-23.0.1 pygments-2.20.0 python-dateutil-2.9.0.post0 pyyaml-6.0.3 requests-2.33.0 rich-14.3.3 sentencepiece-0.2.1 shellingham-1.5.4 six-1.17.0 tqdm-4.67.3 typer-0.24.1 urllib3-2.6.3 wheel-0.46.3 xxhash-3.6.0 yarl-1.23.0
Installing collected packages: einops, flash-attn-3
Successfully installed einops-0.8.2 flash-attn-3-3.0.0

=== Verification ===
PyTorch: 2.9.1+cu128
CUDA: True, NVIDIA H100 80GB HBM3
FA3 (flash_attn_interface): OK
FA3 forward: torch.Size([1, 64, 8, 64]) OK
Triton TMA: OK (fused kernel available)

=== Downloading data (80 shards) ===
Warning: You are sending unauthenticated requests to the HF Hub. Please set a HF_TOKEN to enable higher rate limits and faster downloads.
Shards: 80

=== Training (8xH100, expect ~85ms/step with FA3) ===
W0330 04:58:41.033000 1966 torch/distributed/run.py:803] 
W0330 04:58:41.033000 1966 torch/distributed/run.py:803] *****************************************
W0330 04:58:41.033000 1966 torch/distributed/run.py:803] Setting OMP_NUM_THREADS environment variable for each process to be 1 in default, to avoid your system being overloaded, please further tune the variable for optimal performance in your application as needed. 
W0330 04:58:41.033000 1966 torch/distributed/run.py:803] *****************************************
logs/fa3_s1337.txt
val_bpb:enabled tokenizer_kind=sentencepiece tokenizer_path=./data/tokenizers/fineweb_1024_bpe.model
train_loader:dataset:fineweb10B_sp1024 train_shards:80
val_loader:shards pattern=./data/datasets/fineweb10B_sp1024/fineweb_val_*.bin tokens:62021632
model_params:27783259
XSA:last_11 active_layers:[0, 1, 2, 3, 4, 5, 6, 7, 8, 9, 10]
world_size:8 grad_accum_steps:1
sdp_backends:cudnn=False flash=True mem_efficient=False math=False
attention_mode:gqa num_heads:8 num_kv_heads:4
tie_embeddings:True embed_lr:0.035 head_lr:0.0 matrix_lr:0.025 scalar_lr:0.025
train_batch_tokens:786432 train_seq_len:2048 iterations:9000 warmup_steps:20 max_wallclock_seconds:600.000
seed:1337
gptq:reserving 14000ms from training budget, effective=586000ms
warmup_step:1/20
warmup_step:2/20
warmup_step:3/20
warmup_step:4/20
warmup_step:5/20
warmup_step:6/20
warmup_step:7/20
warmup_step:8/20
warmup_step:9/20
warmup_step:10/20
warmup_step:11/20
warmup_step:12/20
warmup_step:13/20
warmup_step:14/20
warmup_step:15/20
warmup_step:16/20
warmup_step:17/20
warmup_step:18/20
warmup_step:19/20
warmup_step:20/20
step:0/9000 val_loss:6.9310 val_bpb:4.1049 train_time:0ms step_avg:0.01ms
step:1/9000 train_loss:6.9309 train_time:134ms step_avg:134.25ms
step:2/9000 train_loss:8.7708 train_time:167ms step_avg:83.74ms
step:3/9000 train_loss:7.6696 train_time:253ms step_avg:84.35ms
step:4/9000 train_loss:7.4249 train_time:338ms step_avg:84.56ms
step:5/9000 train_loss:7.1581 train_time:424ms step_avg:84.74ms
step:6/9000 train_loss:6.8929 train_time:510ms step_avg:84.98ms
step:7/9000 train_loss:6.8263 train_time:595ms step_avg:85.00ms
step:8/9000 train_loss:6.6397 train_time:680ms step_avg:85.06ms
step:9/9000 train_loss:6.3878 train_time:766ms step_avg:85.15ms
step:10/9000 train_loss:6.0834 train_time:852ms step_avg:85.20ms
step:500/9000 train_loss:2.3865 train_time:43691ms step_avg:87.38ms
step:1000/9000 train_loss:2.2075 train_time:87488ms step_avg:87.49ms
step:1500/9000 train_loss:2.1014 train_time:131314ms step_avg:87.54ms
step:2000/9000 train_loss:2.0614 train_time:175192ms step_avg:87.60ms
step:2500/9000 train_loss:2.0112 train_time:219104ms step_avg:87.64ms
step:3000/9000 train_loss:1.9835 train_time:262990ms step_avg:87.66ms
step:3500/9000 train_loss:2.0367 train_time:306913ms step_avg:87.69ms
step:4000/9000 train_loss:2.0649 train_time:350799ms step_avg:87.70ms
step:4000/9000 val_loss:2.0270 val_bpb:1.2005 train_time:350858ms step_avg:87.71ms
step:4500/9000 train_loss:1.9835 train_time:394678ms step_avg:87.71ms
step:5000/9000 train_loss:2.0316 train_time:438548ms step_avg:87.71ms
step:5500/9000 train_loss:1.9459 train_time:482449ms step_avg:87.72ms
swa:start step:6000
step:6000/9000 train_loss:1.9877 train_time:526372ms step_avg:87.73ms
step:6500/9000 train_loss:1.9550 train_time:571080ms step_avg:87.86ms
step:6667/9000 val_loss:1.9174 val_bpb:1.1356 train_time:586117ms step_avg:87.91ms
stopping_early: wallclock_cap train_time:586117ms step:6667/9000
peak memory allocated: 23252 MiB reserved: 23362 MiB
ema:applying EMA weights
DIAGNOSTIC post_ema val_loss:1.9146 val_bpb:1.1339 eval_time:2083ms
Serialized model: 107747063 bytes
Code size: 105562 bytes
gptq:calibrating with 64 batches (training data)...
gptq:calibrated 66 layers in 6.7s
gptq_quantize: 66 GPTQ layers, 0 naive layers
gptq_quantize: 66 GPTQ layers, 0 naive layers
gptq_quantize: 66 GPTQ layers, 0 naive layers
gptq_quantize: 66 GPTQ layers, 0 naive layers
gptq_quantize: 66 GPTQ layers, 0 naive layers
gptq_quantize: 66 GPTQ layers, 0 naive layers
gptq_quantize: 66 GPTQ layers, 0 naive layers
gptq_quantize: 66 GPTQ layers, 0 naive layers
Serialized model int6+lzma: 15606092 bytes
Total submission size int6+lzma: 15711654 bytes
final_int6_roundtrip val_loss:1.9216 val_bpb:1.1381 eval_time:16480ms
final_int6_roundtrip_exact val_loss:1.92155407 val_bpb:1.13805256
final_int6_sliding_window val_loss:1.8819 val_bpb:1.1146 stride:64 eval_time:93178ms
final_int6_sliding_window_exact val_loss:1.88190356 val_bpb:1.11457224
final_int8_zlib_roundtrip_exact val_loss:1.88190356 val_bpb:1.11457224

=== Complete ===
step:6667/9000 val_loss:1.9174 val_bpb:1.1356 train_time:586117ms step_avg:87.91ms
        log0(f"final_int6_sliding_window_exact val_loss:{sw_val_loss:.8f} val_bpb:{sw_val_bpb:.8f}")
final_int6_sliding_window_exact val_loss:1.88190356 val_bpb:1.11457224
